---
source: src/scope/mod.rs
expression: scopes.0
---
[
    Scope {
        kind: LetIn,
        defines: {
            "a": Definition {
                id: 0,
                name: "a",
                text_range: [4; 5),
            },
            "as": Definition {
                id: 1,
                name: "as",
                text_range: [11; 13),
            },
        },
        text_range: [0; 25),
    },
]
