---
source: src/scope/mod.rs
expression: scope_tree
---
InverseScopeTree {
    leaf_scopes: [
        ScopePath(
            [
                Scope {
                    kind: With,
                    defines: {},
                    text_range: [0; 16),
                },
            ],
        ),
    ],
}
