---
source: src/scope/tree.rs
expression: scopes
---
[
    Scope {
        kind: AttrSet,
        defines: {
            "c": Definition {
                id: 2,
                name: "c",
                text_range: [8; 9),
            },
        },
        text_range: [6; 16),
    },
    Scope {
        kind: Lambda,
        defines: {
            "b": Definition {
                id: 1,
                name: "b",
                text_range: [3; 4),
            },
        },
        text_range: [3; 16),
    },
    Scope {
        kind: Lambda,
        defines: {
            "a": Definition {
                id: 0,
                name: "a",
                text_range: [0; 1),
            },
        },
        text_range: [0; 16),
    },
]
