---
source: src/scope/mod.rs
expression: "format!(\"{}\\n=========\\n{:#?}\", nix_code, errors)"
---
let "builtins" = 2; inherit builtins; in builtins + builtins
=========
[
    Scope(
        AlreadyDefined(
            LetIn,
            "builtins",
            [28; 36),
            [4; 14),
        ),
    ),
]
