---
source: src/scope/mod.rs
expression: scope_tree
---
InverseScopeTree {
    leaf_scopes: [
        [
            Scope {
                kind: LetIn,
                defines: {
                    "a": Definition {
                        id: 0,
                        name: "a",
                        text_range: [4; 5),
                    },
                },
                text_range: [0; 19),
            },
        ],
    ],
}
