---
source: src/references/mod.rs
expression: "format!(\"{}\\n=========\\n{:#?}\\n=========\\n{:#?}\", nix_code, references . 0 .\n        get_identifiers (), references . 0 . references)"
---
a: a
=========
[
    Identifier {
        id: Id {
            idx: 0,
        },
        name: "a",
        text_range: [0; 1),
    },
    Identifier {
        id: Id {
            idx: 1,
        },
        name: "a",
        text_range: [3; 4),
    },
]
=========
{
    Id {
        idx: 0,
    }: Reference {
        from: Id {
            idx: 0,
        },
        to: Id {
            idx: 16,
        },
    },
    Id {
        idx: 1,
    }: Reference {
        from: Id {
            idx: 1,
        },
        to: Id {
            idx: 16,
        },
    },
}
